// Jest Snapshot v1, https://goo.gl/fbAQLP

exports[`CreateUser Component should matches the snapshot 1`] = `
<form
  className="createUserForm"
  onSubmit={[Function]}
>
  <input
    className="createUserForm createUserForm__input"
    name="name"
    onChange={[Function]}
    placeholder="name"
    type="text"
    value=""
  />
  <input
    className="createUserForm createUserForm__input"
    name="family"
    onChange={[Function]}
    placeholder="family"
    type="text"
    value=""
  />
  <input
    className="createUserForm createUserForm__input"
    name="nickName"
    onChange={[Function]}
    placeholder="nickName"
    type="text"
    value=""
  />
  <input
    className="createUserForm createUserForm__input"
    name="phoneNumber"
    onChange={[Function]}
    placeholder="phoneNumber"
    type="text"
    value=""
  />
  <input
    className="createUserForm createUserForm__input"
    name="email"
    onChange={[Function]}
    placeholder="email"
    type="text"
    value=""
  />
  <input
    className="createUserForm createUserForm__input"
    name="community"
    onChange={[Function]}
    placeholder="community"
    type="text"
    value=""
  />
  <input
    className="createUserForm createUserForm__input"
    name="birthDay"
    onChange={[Function]}
    placeholder="birthDay"
    type="text"
    value=""
  />
  <input
    className="createUserForm createUserForm__input"
    name="gender"
    onChange={[Function]}
    placeholder="gender"
    type="text"
    value=""
  />
  <button
    type="submit"
  >
    submit
  </button>
</form>
`;
